#-----------------------------------------------------------
# Vivado v2017.2 (64-bit)
# SW Build 1909853 on Thu Jun 15 18:39:09 MDT 2017
# IP Build 1909766 on Thu Jun 15 19:58:00 MDT 2017
# Start of session at: Thu Aug 10 12:43:36 2017
# Process ID: 1336
# Current directory: C:/Users/cao2/Desktop/soci/soci/soc_ic
# Command line: vivado.exe -gui_launcher_event rodinguilauncherevent5356 C:\Users\cao2\Desktop\soci\soci\soc_ic\soc_ic.xpr
# Log file: C:/Users/cao2/Desktop/soci/soci/soc_ic/vivado.log
# Journal file: C:/Users/cao2/Desktop/soci/soci/soc_ic\vivado.jou
#-----------------------------------------------------------
start_gui
open_project C:/Users/cao2/Desktop/soci/soci/soc_ic/soc_ic.xpr
update_compile_order -fileset sources_1
reset_run synth_3
launch_runs impl_1 -to_step write_bitstream
wait_on_run impl_1
# Disabling source management mode.  This is to allow the top design properties to be set without GUI intervention.
set_property source_mgmt_mode None [current_project]
set_property top top [current_fileset]
# Re-enabling previously disabled source management mode.
set_property source_mgmt_mode All [current_project]
update_compile_order -fileset sources_1
reset_run synth_3
launch_runs impl_1 -to_step write_bitstream
wait_on_run impl_1
# Disabling source management mode.  This is to allow the top design properties to be set without GUI intervention.
set_property source_mgmt_mode None [current_project]
set_property top l1_cache [current_fileset]
# Re-enabling previously disabled source management mode.
set_property source_mgmt_mode All [current_project]
update_compile_order -fileset sources_1
reset_run synth_3
launch_runs impl_1 -to_step write_bitstream
wait_on_run impl_1
# Disabling source management mode.  This is to allow the top design properties to be set without GUI intervention.
set_property source_mgmt_mode None [current_project]
set_property top top [current_fileset]
# Re-enabling previously disabled source management mode.
set_property source_mgmt_mode All [current_project]
update_compile_order -fileset sources_1
reset_run synth_3
launch_runs impl_1 -to_step write_bitstream
wait_on_run impl_1
reset_run synth_3
launch_runs impl_1 -to_step write_bitstream
wait_on_run impl_1
reset_run synth_3
launch_runs impl_1 -to_step write_bitstream
wait_on_run impl_1
reset_run synth_3
launch_runs impl_1 -to_step write_bitstream
wait_on_run impl_1
reset_run synth_3
launch_runs impl_1 -to_step write_bitstream
wait_on_run impl_1
reset_run synth_3
launch_runs impl_1
wait_on_run impl_1
reset_run synth_3
launch_runs impl_1 -to_step write_bitstream
wait_on_run impl_1
reset_run synth_3
launch_runs impl_1 -to_step write_bitstream
wait_on_run impl_1
reset_run synth_3
launch_runs impl_1 -to_step write_bitstream
wait_on_run impl_1
reset_run synth_3
launch_runs impl_1 -to_step write_bitstream
wait_on_run impl_1
reset_run synth_3
launch_runs impl_1 -to_step write_bitstream
wait_on_run impl_1
reset_run synth_3
launch_runs impl_1 -to_step write_bitstream
wait_on_run impl_1
reset_run synth_3
launch_runs impl_1 -to_step write_bitstream
wait_on_run impl_1
reset_run synth_3
launch_runs impl_1
wait_on_run impl_1
reset_run impl_1 -prev_step 
launch_runs impl_1 -to_step write_bitstream
wait_on_run impl_1
reset_run impl_1
reset_run synth_3
launch_runs impl_1 -to_step write_bitstream
wait_on_run impl_1
reset_run synth_3
launch_runs impl_1 -to_step write_bitstream
wait_on_run impl_1
reset_run synth_3
launch_runs impl_1 -to_step write_bitstream
wait_on_run impl_1
reset_run synth_3
launch_runs impl_1 -to_step write_bitstream
wait_on_run impl_1
reset_run synth_3
launch_runs impl_1 -to_step write_bitstream
wait_on_run impl_1
reset_run synth_3
launch_runs impl_1 -to_step write_bitstream
wait_on_run impl_1
reset_run synth_3
launch_runs impl_1 -to_step write_bitstream
wait_on_run impl_1
reset_run synth_3
launch_runs impl_1 -to_step write_bitstream
wait_on_run impl_1
reset_run synth_3
launch_runs impl_1 -to_step write_bitstream
wait_on_run impl_1
reset_run synth_3
launch_runs impl_1 -to_step write_bitstream
wait_on_run impl_1
reset_run synth_3
launch_runs impl_1 -to_step write_bitstream
wait_on_run impl_1
reset_run synth_3
launch_runs impl_1 -to_step write_bitstream
wait_on_run impl_1
reset_run synth_3
launch_runs impl_1 -to_step write_bitstream
wait_on_run impl_1
update_compile_order -fileset sources_1
reset_run synth_3
launch_runs impl_1 -to_step write_bitstream
wait_on_run impl_1
update_compile_order -fileset sources_1
reset_run synth_3
launch_runs impl_1 -to_step write_bitstream
wait_on_run impl_1
reset_run synth_3
launch_runs impl_1 -to_step write_bitstream
wait_on_run impl_1
reset_run synth_3
launch_runs impl_1 -to_step write_bitstream
wait_on_run impl_1
open_run impl_1
