#-----------------------------------------------------------
# Vivado v2017.2 (64-bit)
# SW Build 1909853 on Thu Jun 15 18:39:09 MDT 2017
# IP Build 1909766 on Thu Jun 15 19:58:00 MDT 2017
# Start of session at: Thu Jul 20 16:43:23 2017
# Process ID: 8100
# Current directory: C:/Users/cao2/Desktop/soci-master-af9a83b1cf7c69a17bf7ed9f1c24942b5f6e0618/soci-master-af9a83b1cf7c69a17bf7ed9f1c24942b5f6e0618/soc_ic
# Command line: vivado.exe -gui_launcher_event rodinguilauncherevent2176 C:\Users\cao2\Desktop\soci-master-af9a83b1cf7c69a17bf7ed9f1c24942b5f6e0618\soci-master-af9a83b1cf7c69a17bf7ed9f1c24942b5f6e0618\soc_ic\soc_ic.xpr
# Log file: C:/Users/cao2/Desktop/soci-master-af9a83b1cf7c69a17bf7ed9f1c24942b5f6e0618/soci-master-af9a83b1cf7c69a17bf7ed9f1c24942b5f6e0618/soc_ic/vivado.log
# Journal file: C:/Users/cao2/Desktop/soci-master-af9a83b1cf7c69a17bf7ed9f1c24942b5f6e0618/soci-master-af9a83b1cf7c69a17bf7ed9f1c24942b5f6e0618/soc_ic\vivado.jou
#-----------------------------------------------------------
start_gui
open_project C:/Users/cao2/Desktop/soci-master-af9a83b1cf7c69a17bf7ed9f1c24942b5f6e0618/soci-master-af9a83b1cf7c69a17bf7ed9f1c24942b5f6e0618/soc_ic/soc_ic.xpr
update_compile_order -fileset sources_1
add_files -norecurse {C:/Users/cao2/Downloads/uart/uart/uart_tx.vhd C:/Users/cao2/Downloads/uart/uart/uart_test.vhd C:/Users/cao2/Downloads/uart/uart/list_ch07_02_flag.vhd C:/Users/cao2/Downloads/uart/uart/uart_rx.vhd C:/Users/cao2/Downloads/uart/uart/uart.vhd C:/Users/cao2/Downloads/uart/uart/mod_m_counter.vhd C:/Users/cao2/Desktop/2017paper/top.vhd C:/Users/cao2/Downloads/uart/uart/project_1/project_1.srcs/sources_1/new/uart_wrapper.vhd C:/Users/cao2/Downloads/uart/uart/fifo.vhd}
update_compile_order -fileset sources_1
update_compile_order -fileset sources_1
add_files -norecurse C:/Users/cao2/AppData/Roaming/Xilinx/Vivado/peripharals/peripharals.srcs/sources_1/imports/2017paper/peripheral.vhd
update_compile_order -fileset sources_1
add_files -norecurse C:/Users/cao2/Desktop/2017paper/mem.vhd
update_compile_order -fileset sources_1
update_compile_order -fileset sources_1
set_property is_enabled false [get_files  C:/Users/cao2/Downloads/uart/uart/uart_test.vhd]
set_property is_enabled false [get_files  C:/Users/cao2/Downloads/uart/uart/list_ch07_02_flag.vhd]
launch_simulation
add_files -norecurse C:/Users/cao2/Desktop/soci-master-af9a83b1cf7c69a17bf7ed9f1c24942b5f6e0618/soci-master-af9a83b1cf7c69a17bf7ed9f1c24942b5f6e0618/soc_rnd/soc_rnd.srcs/sources_1/imports/soc/rndgen.vhd
update_compile_order -fileset sources_1
launch_simulation
remove_files  C:/Users/cao2/Downloads/uart/uart/fifo.vhd
import_files -norecurse C:/Users/cao2/Downloads/uart/uart/fifo.vhd
update_compile_order -fileset sources_1
update_compile_order -fileset sources_1
update_compile_order -fileset sources_1
launch_simulation
launch_simulation
set_property is_enabled false [get_files  C:/Users/cao2/Desktop/oven/soc/rand.vhd]
launch_simulation
launch_simulation
launch_simulation
launch_simulation
launch_simulation
launch_simulation
source top.tcl
close_sim
reset_run synth_2
launch_runs synth_2
wait_on_run synth_2
reset_run synth_2
launch_runs synth_2
wait_on_run synth_2
add_files -norecurse {C:/Users/cao2/Desktop/2017paper/cache.vhd C:/Users/cao2/Desktop/2017paper/proc.vhd C:/Users/cao2/Desktop/2017paper/cpu.vhd C:/Users/cao2/Desktop/2017paper/cpu_test.vhd}
update_compile_order -fileset sources_1
update_compile_order -fileset sources_1
reset_run synth_2
launch_simulation
add_files -norecurse C:/Users/cao2/Desktop/2017paper/pwr.vhd
update_compile_order -fileset sources_1
launch_simulation
add_files -norecurse C:/Users/cao2/Desktop/2017paper/arbiter2.vhd
update_compile_order -fileset sources_1
remove_files  C:/Users/cao2/Desktop/2017paper/cpu_test.vhd
add_files -norecurse {C:/Users/cao2/Desktop/soci-master-af9a83b1cf7c69a17bf7ed9f1c24942b5f6e0618/soci-master-af9a83b1cf7c69a17bf7ed9f1c24942b5f6e0618/soc_rnd/soc_rnd.srcs/sources_1/imports/2017paper/arbiter2.vhd C:/Users/cao2/Desktop/soci-master-af9a83b1cf7c69a17bf7ed9f1c24942b5f6e0618/soci-master-af9a83b1cf7c69a17bf7ed9f1c24942b5f6e0618/soc_rnd/soc_rnd.srcs/sources_1/imports/2017paper/cpu_test.vhd}
update_compile_order -fileset sources_1
launch_simulation
source top.tcl
close_sim
launch_runs synth_2
wait_on_run synth_2
open_run synth_2 -name synth_2
synth_design -rtl -name rtl_1
launch_runs impl_2
wait_on_run impl_2
update_compile_order -fileset sources_1
reset_run synth_2
launch_runs synth_2
wait_on_run synth_2
launch_runs impl_2
wait_on_run impl_2
refresh_design
set_property is_enabled false [get_files  C:/Users/cao2/Desktop/2017paper/cpu.vhd]
reset_run impl_2
launch_runs impl_2
wait_on_run impl_2
reset_run synth_2
launch_runs synth_2
wait_on_run synth_2
launch_runs impl_2
wait_on_run impl_2
opt_design
reset_run synth_2
launch_runs synth_2
wait_on_run synth_2
reset_run synth_2
launch_runs synth_2
wait_on_run synth_2
launch_runs impl_2
wait_on_run impl_2
reset_run synth_2
launch_runs synth_2
wait_on_run synth_2
launch_runs impl_2
wait_on_run impl_2
current_design synth_2
current_design rtl_1
archive_project C:/Users/cao2/Desktop/soc_ic.xpr.zip -temp_dir C:/Users/cao2/Desktop/soci-master-af9a83b1cf7c69a17bf7ed9f1c24942b5f6e0618/soci-master-af9a83b1cf7c69a17bf7ed9f1c24942b5f6e0618/soc_ic/.Xil/Vivado-8100-ENB222-PC2 -force -include_config_settings
archive_project C:/Users/cao2/Desktop/soc_ic.xpr.zip -temp_dir C:/Users/cao2/Desktop/soci-master-af9a83b1cf7c69a17bf7ed9f1c24942b5f6e0618/soci-master-af9a83b1cf7c69a17bf7ed9f1c24942b5f6e0618/soc_ic/.Xil/Vivado-8100-ENB222-PC2 -force -exclude_run_results -include_config_settings
import_files
